../Core/Src/main.c:80:9:Read_ALL	24	static
../Core/Src/main.c:86:9:Read_BIT	24	static
../Core/Src/main.c:93:6:Set_ALL	24	static
../Core/Src/main.c:98:6:Clear_ALL	24	static
../Core/Src/main.c:103:6:Set_BIT	32	static
../Core/Src/main.c:111:6:Clear_BIT	32	static
../Core/Src/main.c:125:5:main	8	static
../Core/Src/main.c:258:6:SystemClock_Config	88	static
../Core/Src/main.c:305:13:MX_I2C1_Init	8	static
../Core/Src/main.c:339:13:MX_GPIO_Init	24	static
../Core/Src/main.c:361:6:Error_Handler	4	static,ignoring_inline_asm
